// Jest Snapshot v1, https://goo.gl/fbAQLP

exports[`Pruebas en el componente - <Item /> Debe de mostrarse correctamente 1`] = `
<div
  className="border border-secondary w-75 mt-3 pl-2 pt-1 pb-1 rounded"
  style={
    Object {
      "marginLeft": "10%",
    }
  }
>
  test
</div>
`;
