// Jest Snapshot v1, https://goo.gl/fbAQLP

exports[`Pruebas en el componente - <MainScreen /> Debe de mostrarse correctamente 1`] = `
<div
  className="card w-75"
  style={
    Object {
      "marginLeft": "13%",
      "marginTop": "2%",
    }
  }
>
  <div
    className="card-body"
  >
    <h5
      className="card-title"
    >
      Results: 
    </h5>
    <div
      className="card-grid"
    >
      <div
        className="border border-secondary w-75 mt-3 pl-2 pt-1 pb-1 rounded"
        style={
          Object {
            "marginLeft": "10%",
          }
        }
      >
        text
      </div>
      <div
        className="border border-secondary w-75 mt-3 pl-2 pt-1 pb-1 rounded"
        style={
          Object {
            "marginLeft": "10%",
          }
        }
      >
        ana
      </div>
    </div>
  </div>
</div>
`;
